i am a king at [4,0]
my possible moves are: 
< [4,1] >
< [5,1] >
< [5,0] >
< >
< >
< >
< [3,0] >
< [3,1] >
the move to [6,0] is NOT possible
i am a king at [4,0]
my possible moves are: 
< [4,1] >
< [5,1] >
< [5,0] >
< [6,0] >
< >
< >
< >
< [2,0] >
< [3,0] >
< [3,1] >
the move to [6,0] is possible
i am a king at [4,4]
my possible moves are: 
< [4,5] >
< [5,5] >
< [5,4] >
< [5,3] >
< [4,3] >
< [3,3] >
< [3,4] >
< [3,5] >
the move to [6,6] is NOT possible
i am a king at [3,3]
my possible moves are: 
< [3,4] >
< [4,4] >
< [4,3] >
< [5,3] >
< [4,2] >
< [3,2] >
< [2,2] >
< [1,3] >
< [2,3] >
< [2,4] >
the move to [2,2] is possible
i am a king at [7,7]
my possible moves are: 
< >
< >
< >
< >
< [7,6] >
< [6,6] >
< [6,7] >
< >
the move to [8,8] is NOT possible
