i am a knight at [0,0]
my possible paths are: 
< [1,2] >
< [2,1] >
< >
< >
< >
< >
< >
< >
the move to [2,2] is NOT possible
i am a knight at [4,4]
my possible paths are: 
< [5,6] >
< [6,5] >
< [6,3] >
< [5,2] >
< [3,2] >
< [2,3] >
< [2,5] >
< [3,6] >
the move to [5,6] is possible
i am a knight at [7,4]
my possible paths are: 
< >
< >
< >
< >
< [6,2] >
< [5,3] >
< [5,5] >
< [6,6] >
the move to [8,6] is NOT possible
i am a knight at [4,0]
my possible paths are: 
< [5,2] >
< [6,1] >
< >
< >
< >
< >
< [2,1] >
< [3,2] >
the move to [1,1] is NOT possible
